函数装饰器允许在源码中“标记”函数，以某种方式增强函数的行为
闭包：捕获函数主体外部定义的变量

装饰器是一种可调用对象，其参数是另一个函数（被装饰的函数）

装饰器通常在一个模块中定义，然后再应用到其他模块中的函数上
大多数装饰器会在内部定义一个函数，然后将其返回


变量作用域规则
>>> b = 6
>>> def f1(a):
...            print(a)
...            print(b)
...            b = 9

>>> f1(3)
3
Traceback (most recent call last): 
   File "<stdin>", line 1, in <module> 
   File "<stdin>", line 3, in f1 
NameError: global name 'b' is not defined

Python编译函数主体时，判断b是局部变量，因为函数内给它赋值了
在函数中赋值时，如果想让解释器把b当成全局变量，为它分配一个新值，就要使用 global 声明
>>> b = 6 
>>> def f3(a): 
...     global b 
...     print(a) 
...     print(b) 
...     b = 9 
... 
>>> f3(3) 
3 
6 
>>> b 
9

通过以上示例可以发现两种作用域，模块全局作用域和函数局部作用域


闭包
其实，闭包就是延伸了作用域的函数
函数是不是匿名的没有关系，关键是他能访问主体之外定义的非全局变量
















